Xshell 6 (Build 0095)
Copyright (c) 2002 NetSarang Computer, Inc. All rights reserved.

Type `help' to learn how to use Xshell prompt.
[C:\~]$ 

Connecting to 192.168.166.128:22...
Could not connect to '192.168.166.128' (port 22): Connection failed.

Type `help' to learn how to use Xshell prompt.
[C:\~]$ 

Connecting to 192.168.166.128:22...
Could not connect to '192.168.166.128' (port 22): Connection failed.

Type `help' to learn how to use Xshell prompt.
[C:\~]$ 

Connecting to 192.168.166.128:22...
Connection established.
To escape to local shell, press 'Ctrl+Alt+]'.

Last login: Fri Dec  7 02:34:52 2018
[shangqi@localhost ~]$ ls
Desktop  Documents  Downloads  Music  Pictures  Public  st  Templates  Videos
[shangqi@localhost ~]$ ls -a
.   .bash_history  .bash_profile  .cache   Desktop    Downloads  .ICEauthority  .mozilla  Pictures  st         Videos
..  .bash_logout   .bashrc        .config  Documents  .esd_auth  .local         Music     Public    Templates  .Xauthority
[shangqi@localhost ~]$ ls
Desktop  Documents  Downloads  Music  Pictures  Public  st  Templates  Videos
[shangqi@localhost ~]$ 文件相关指令^C
[shangqi@localhost ~]$ ls l
ls: cannot access l: No such file or directory
[shangqi@localhost ~]$ ls -l
total 0
drwxr-xr-x. 2 shangqi shangqi  6 Nov 24 05:06 Desktop
drwxr-xr-x. 2 shangqi shangqi  6 Nov 24 05:06 Documents
drwxr-xr-x. 2 shangqi shangqi  6 Nov 24 05:06 Downloads
drwxr-xr-x. 2 shangqi shangqi  6 Nov 24 05:06 Music
drwxr-xr-x. 2 shangqi shangqi  6 Nov 24 05:06 Pictures
drwxr-xr-x. 2 shangqi shangqi  6 Nov 24 05:06 Public
drwxrwxr-x. 3 shangqi shangqi 15 Nov 30 05:41 st
drwxr-xr-x. 2 shangqi shangqi  6 Nov 24 05:06 Templates
drwxr-xr-x. 2 shangqi shangqi  6 Nov 24 05:06 Videos
[shangqi@localhost ~]$ ifcongfig
bash: ifcongfig: command not found...
[shangqi@localhost ~]$ ifconfig
eno16777736: flags=4163<UP,BROADCAST,RUNNING,MULTICAST>  mtu 1500
        inet 192.168.166.128  netmask 255.255.255.0  broadcast 192.168.166.255
        inet6 fe80::20c:29ff:fec0:a93e  prefixlen 64  scopeid 0x20<link>
        ether 00:0c:29:c0:a9:3e  txqueuelen 1000  (Ethernet)
        RX packets 160350  bytes 224281912 (213.8 MiB)
        RX errors 0  dropped 0  overruns 0  frame 0
        TX packets 69565  bytes 4228356 (4.0 MiB)
        TX errors 0  dropped 0 overruns 0  carrier 0  collisions 0

lo: flags=73<UP,LOOPBACK,RUNNING>  mtu 65536
        inet 127.0.0.1  netmask 255.0.0.0
        inet6 ::1  prefixlen 128  scopeid 0x10<host>
        loop  txqueuelen 0  (Local Loopback)
        RX packets 4020  bytes 341880 (333.8 KiB)
        RX errors 0  dropped 0  overruns 0  frame 0
        TX packets 4020  bytes 341880 (333.8 KiB)
        TX errors 0  dropped 0 overruns 0  carrier 0  collisions 0

[shangqi@localhost ~]$ touch aa.txt
[shangqi@localhost ~]$ ls -l
total 0
-rw-rw-r--. 1 shangqi shangqi  0 Dec  7 03:21 aa.txt
drwxr-xr-x. 2 shangqi shangqi  6 Nov 24 05:06 Desktop
drwxr-xr-x. 2 shangqi shangqi  6 Nov 24 05:06 Documents
drwxr-xr-x. 2 shangqi shangqi  6 Nov 24 05:06 Downloads
drwxr-xr-x. 2 shangqi shangqi  6 Nov 24 05:06 Music
drwxr-xr-x. 2 shangqi shangqi  6 Nov 24 05:06 Pictures
drwxr-xr-x. 2 shangqi shangqi  6 Nov 24 05:06 Public
drwxrwxr-x. 3 shangqi shangqi 15 Nov 30 05:41 st
drwxr-xr-x. 2 shangqi shangqi  6 Nov 24 05:06 Templates
drwxr-xr-x. 2 shangqi shangqi  6 Nov 24 05:06 Videos
[shangqi@localhost ~]$ ls
aa.txt  Desktop  Documents  Downloads  Music  Pictures  Public  st  Templates  Videos
[shangqi@localhost ~]$ cd st
[shangqi@localhost st]$ touch aa.txt
[shangqi@localhost st]$ ls -l
total 0
-rw-rw-r--. 1 shangqi shangqi 0 Dec  7 03:26 aa.txt
drwxrwxr-x. 2 shangqi shangqi 6 Nov 30 05:41 te
[shangqi@localhost st]$ touch -r aa.txt te
[shangqi@localhost st]$ ls -l
total 0
-rw-rw-r--. 1 shangqi shangqi 0 Dec  7 03:26 aa.txt
drwxrwxr-x. 2 shangqi shangqi 6 Dec  7 03:26 te
[shangqi@localhost st]$ touch -t 199808281210.12 te
[shangqi@localhost st]$ ls -l
total 0
-rw-rw-r--. 1 shangqi shangqi 0 Dec  7 03:26 aa.txt
drwxrwxr-x. 2 shangqi shangqi 6 Aug 28  1998 te
[shangqi@localhost st]$ touch -d "时间" te^C
[shangqi@localhost st]$ -t 刷新时间属性^C
[shangqi@localhost st]$ -d 一样^C
[shangqi@localhost st]$ cat te
cat: te: Is a directory
[shangqi@localhost st]$ ls 
aa.txt  te
[shangqi@localhost st]$ cat 打印文件内容到终端显示^C
[shangqi@localhost st]$ cat -n
^C
[shangqi@localhost st]$ 打印行号^C
[shangqi@localhost st]$ tac

^H^H^C
[shangqi@localhost st]$ tac te
tac: te: read error: Is a directory
[shangqi@localhost st]$ 按行逆序打印^C
[shangqi@localhost st]$ more te

*** te: directory ***

[shangqi@localhost st]$ 分页显示 空格向下翻页^C
[shangqi@localhost st]$          b向上翻页^C
[shangqi@localhost st]$        回车按行向下滚动^C
[shangqi@localhost st]$ less
Missing filename ("less --help" for help)
[shangqi@localhost st]$ less te
[shangqi@localhost st]$ /te
-bash: /te: No such file or directory
[shangqi@localhost st]$ less 分页打印文件内容^C
[shangqi@localhost st]$ f pgdown 向上翻页^C
[shangqi@localhost st]$ b pgup 向下^C
[shangqi@localhost st]$ 上下键，按行滚动^C
[shangqi@localhost st]$ q 退出^C
[shangqi@localhost st]$ /string 向下匹配string字符串^C
[shangqi@localhost st]$ ？string 向上匹配
bash: ？string: command not found...
[shangqi@localhost st]$ n 匹配下一个^C
[shangqi@localhost st]$ cp /etc/passwd ./
[shangqi@localhost st]$ ls -l
total 4
-rw-rw-r--. 1 shangqi shangqi    0 Dec  7 03:26 aa.txt
-rw-r--r--. 1 shangqi shangqi 1915 Dec  7 03:47 passwd
drwxrwxr-x. 2 shangqi shangqi    6 Aug 28  1998 te
[shangqi@localhost st]$ ls
aa.txt  passwd  te
[shangqi@localhost st]$ less
Missing filename ("less --help" for help)
[shangqi@localhost st]$ less passwd
[shangqi@localhost st]$ less passwd
[shangqi@localhost st]$ head passwd
root:x:0:0:root:/root:/bin/bash
bin:x:1:1:bin:/bin:/sbin/nologin
daemon:x:2:2:daemon:/sbin:/sbin/nologin
adm:x:3:4:adm:/var/adm:/sbin/nologin
lp:x:4:7:lp:/var/spool/lpd:/sbin/nologin
sync:x:5:0:sync:/sbin:/bin/sync
shutdown:x:6:0:shutdown:/sbin:/sbin/shutdown
halt:x:7:0:halt:/sbin:/sbin/halt
mail:x:8:12:mail:/var/spool/mail:/sbin/nologin
operator:x:11:0:operator:/root:/sbin/nologin
[shangqi@localhost st]$ ls
aa.txt  passwd  te
[shangqi@localhost st]$ head -n 1 passwd
root:x:0:0:root:/root:/bin/bash
[shangqi@localhost st]$ head默认打印文件的前10行^C
[shangqi@localhost st]$ -n 打印指定文件前n行^C
[shangqi@localhost st]$ tail passwd
rtkit:x:172:172:RealtimeKit:/proc:/sbin/nologin
chrony:x:994:993::/var/lib/chrony:/sbin/nologin
radvd:x:75:75:radvd user:/:/sbin/nologin
pulse:x:171:171:PulseAudio System Daemon:/var/run/pulse:/sbin/nologin
gdm:x:42:42::/var/lib/gdm:/sbin/nologin
gnome-initial-setup:x:993:991::/run/gnome-initial-setup/:/sbin/nologin
postfix:x:89:89::/var/spool/postfix:/sbin/nologin
sshd:x:74:74:Privilege-separated SSH:/var/empty/sshd:/sbin/nologin
tcpdump:x:72:72::/:/sbin/nologin
shangqi:x:1000:1000:Linux:/home/shangqi:/bin/bash
[shangqi@localhost st]$ 后十行^C
[shangqi@localhost st]$ tail^C
[shangqi@localhost st]$ ^C
[shangqi@localhost st]$ tail -n 1
^C
[shangqi@localhost st]$ tail -n i passwd
tail: i: invalid number of lines
[shangqi@localhost st]$ tail -f passwd
rtkit:x:172:172:RealtimeKit:/proc:/sbin/nologin
chrony:x:994:993::/var/lib/chrony:/sbin/nologin
radvd:x:75:75:radvd user:/:/sbin/nologin
pulse:x:171:171:PulseAudio System Daemon:/var/run/pulse:/sbin/nologin
gdm:x:42:42::/var/lib/gdm:/sbin/nologin
gnome-initial-setup:x:993:991::/run/gnome-initial-setup/:/sbin/nologin
postfix:x:89:89::/var/spool/postfix:/sbin/nologin
sshd:x:74:74:Privilege-separated SSH:/var/empty/sshd:/sbin/nologin
tcpdump:x:72:72::/:/sbin/nologin
shangqi:x:1000:1000:Linux:/home/shangqi:/bin/bash
ancdef
hello
^C
[shangqi@localhost st]$ 标准输出重定向：^C
[shangqi@localhost st]$ 标准输出：显示终端^C
[shangqi@localhost st]$ 符号：>> 追加重定向^C
[shangqi@localhost st]$ >^C
[shangqi@localhost st]$ > 清楚原有内容，添加新数据^C
[shangqi@localhost st]$ >> > 都是标准输出重定向^C
[shangqi@localhost st]$ -f 一直动态刷新文件数据^C
[shangqi@localhost st]$ ls
aa.txt  passwd  te
[shangqi@localhost st]$ tail -f aa.txt
hello
helhalo
^C
[shangqi@localhost st]$ tail > aa.txt
tail^H^H^H^C
[shangqi@localhost st]$ tail -f aa.txt
^C
[shangqi@localhost st]$ 压缩命令/解压缩  打包/解包^C
[shangqi@localhost st]$ zip/unzip^C
[shangqi@localhost st]$ dd if=/dev/zero of=./hello.txt bs=100M count=1
1+0 records in
1+0 records out
104857600 bytes (105 MB) copied, 1.04103 s, 101 MB/s
[shangqi@localhost st]$ ls
aa.txt  hello.txt  passwd  te
[shangqi@localhost st]$ df
Filesystem     1K-blocks    Used Available Use% Mounted on
/dev/sda3       18555904 4530872  14025032  25% /
devtmpfs          493268       0    493268   0% /dev
tmpfs             501716      92    501624   1% /dev/shm
tmpfs             501716    7180    494536   2% /run
tmpfs             501716       0    501716   0% /sys/fs/cgroup
/dev/sda1         303788  107964    195824  36% /boot
[shangqi@localhost st]$ fdisk -l
[shangqi@localhost st]$ ls -lh
total 101M
-rw-rw-r--. 1 shangqi shangqi    0 Dec  7 04:07 aa.txt
-rw-rw-r--. 1 shangqi shangqi 100M Dec  7 04:10 hello.txt
-rw-r--r--. 1 shangqi shangqi 1.9K Dec  7 03:59 passwd
drwxrwxr-x. 2 shangqi shangqi    6 Aug 28  1998 te
[shangqi@localhost st]$ zip hello.zip hello.txt
  adding: hello.txt (deflated 100%)
[shangqi@localhost st]$ ls -l
total 102504
-rw-rw-r--. 1 shangqi shangqi         0 Dec  7 04:07 aa.txt
-rw-rw-r--. 1 shangqi shangqi 104857600 Dec  7 04:10 hello.txt
-rw-rw-r--. 1 shangqi shangqi    101941 Dec  7 04:14 hello.zip
-rw-r--r--. 1 shangqi shangqi      1928 Dec  7 03:59 passwd
drwxrwxr-x. 2 shangqi shangqi         6 Aug 28  1998 te
[shangqi@localhost st]$ rm hello.txt
[shangqi@localhost st]$ ls
aa.txt  hello.zip  passwd  te
[shangqi@localhost st]$ unzip hello.zip
Archive:  hello.zip
  inflating: hello.txt               
[shangqi@localhost st]$ ls lh
ls: cannot access lh: No such file or directory
[shangqi@localhost st]$ ls -lh
total 101M
-rw-rw-r--. 1 shangqi shangqi    0 Dec  7 04:07 aa.txt
-rw-rw-r--. 1 shangqi shangqi 100M Dec  7 04:10 hello.txt
-rw-rw-r--. 1 shangqi shangqi 100K Dec  7 04:14 hello.zip
-rw-r--r--. 1 shangqi shangqi 1.9K Dec  7 03:59 passwd
drwxrwxr-x. 2 shangqi shangqi    6 Aug 28  1998 te
[shangqi@localhost st]$ ls
aa.txt  hello.txt  hello.zip  passwd  te
[shangqi@localhost st]$ gzip hello.txt
[shangqi@localhost st]$ ls
aa.txt  hello.txt.gz  hello.zip  passwd  te
[shangqi@localhost st]$ gunzip hello.txt.gz
[shangqi@localhost st]$ ls
aa.txt  hello.txt  hello.zip  passwd  te
[shangqi@localhost st]$ ls
aa.txt  hello.txt  hello.zip  passwd  te
[shangqi@localhost st]$ bzip2 hello.txt
[shangqi@localhost st]$ ls
aa.txt  hello.txt.bz2  hello.zip  passwd  te
[shangqi@localhost st]$ ls -l
total 108
-rw-rw-r--. 1 shangqi shangqi      0 Dec  7 04:07 aa.txt
-rw-rw-r--. 1 shangqi shangqi    113 Dec  7 04:10 hello.txt.bz2
-rw-rw-r--. 1 shangqi shangqi 101941 Dec  7 04:14 hello.zip
-rw-r--r--. 1 shangqi shangqi   1928 Dec  7 03:59 passwd
drwxrwxr-x. 2 shangqi shangqi      6 Aug 28  1998 te
[shangqi@localhost st]$ bunzip2 hello.txt.bz2
[shangqi@localhost st]$ ls
aa.txt  hello.txt  hello.zip  passwd  te
[shangqi@localhost st]$ 打包^C
[shangqi@localhost st]$ .tar.gz .tar.bz2^C
[shangqi@localhost st]$ tar -czvf hello.tar.gz hello.txt
hello.txt
[shangqi@localhost st]$ tar -cvf hello.tar hello.txt
hello.txt
[shangqi@localhost st]$ ls
aa.txt  hello.tar  hello.tar.gz  hello.txt  hello.zip  passwd  te
[shangqi@localhost st]$ ls -l
total 205016
-rw-rw-r--. 1 shangqi shangqi         0 Dec  7 04:07 aa.txt
-rw-rw-r--. 1 shangqi shangqi 104867840 Dec  7 04:21 hello.tar
-rw-rw-r--. 1 shangqi shangqi    101879 Dec  7 04:21 hello.tar.gz
-rw-rw-r--. 1 shangqi shangqi 104857600 Dec  7 04:10 hello.txt
-rw-rw-r--. 1 shangqi shangqi    101941 Dec  7 04:14 hello.zip
-rw-r--r--. 1 shangqi shangqi      1928 Dec  7 03:59 passwd
drwxrwxr-x. 2 shangqi shangqi         6 Aug 28  1998 te
[shangqi@localhost st]$ tar -cavf 打包目录^C
[shangqi@localhost st]$ tar -cavf st.tar.gz hello.tar.gz hello.zip
hello.tar.gz
hello.zip
[shangqi@localhost st]$ ls
aa.txt  hello.tar  hello.tar.gz  hello.txt  hello.zip  passwd  st.tar.gz  te
[shangqi@localhost st]$ rm hello./*^C
[shangqi@localhost st]$ tar -xzvf st.tar.gz^C
[shangqi@localhost st]$ tar -xvf 包名^C
tar: 包名\003: Cannot open: No such file or directory
tar: Error is not recoverable: exiting now
[shangqi@localhost st]$ 只识别zip，不自拍
bash: 只识别zip，不自拍: command not found...
[shangqi@localhost st]$ bzip2^C
[shangqi@localhost st]$ ls
aa.txt  hello.tar  hello.tar.gz  hello.txt  hello.zip  passwd  st.tar.gz  te
[shangqi@localhost st]$ tar -czvf hello.tar.gz aa.txt hello.tar.hello.txt passwd te st.tar.gz
aa.txt
tar: hello.tar.hello.txt: Cannot stat: No such file or directory
passwd
te/
st.tar.gz
tar: Exiting with failure status due to previous errors
[shangqi@localhost st]$ tar -czvf hello.tar.gz aa.txt hello.tar hello.txt passwd te st.tar.gz
aa.txt
hello.tar
hello.txt
passwd
te/
st.tar.gz
[shangqi@localhost st]$ rm hello./*
rm: cannot remove ‘hello./*’: No such file or directory
[shangqi@localhost st]$ ls
aa.txt  hello.tar  hello.tar.gz  hello.txt  hello.zip  passwd  st.tar.gz  te
[shangqi@localhost st]$ tar -czvf haha.tar.gz aa.txt hello.tar hello.txt hello.zip passwd te
aa.txt
hello.tar
hello.txt
hello.zip
passwd
te/
[shangqi@localhost st]$ rm hello.*
[shangqi@localhost st]$ ls
aa.txt  haha.tar.gz  passwd  st.tar.gz  te
[shangqi@localhost st]$ cal
    December 2018   
Su Mo Tu We Th Fr Sa
                   1
 2  3  4  5  6  7  8
 9 10 11 12 13 14 15
16 17 18 19 20 21 22
23 24 25 26 27 28 29
30 31
[shangqi@localhost st]$ cal -3
    November 2018         December 2018         January 2019    
Su Mo Tu We Th Fr Sa  Su Mo Tu We Th Fr Sa  Su Mo Tu We Th Fr Sa
             1  2  3                     1         1  2  3  4  5
 4  5  6  7  8  9 10   2  3  4  5  6  7  8   6  7  8  9 10 11 12
11 12 13 14 15 16 17   9 10 11 12 13 14 15  13 14 15 16 17 18 19
18 19 20 21 22 23 24  16 17 18 19 20 21 22  20 21 22 23 24 25 26
25 26 27 28 29 30     23 24 25 26 27 28 29  27 28 29 30 31      
                      30 31                                     
[shangqi@localhost st]$ cal -y
                               2018                               

       January               February                 March       
Su Mo Tu We Th Fr Sa   Su Mo Tu We Th Fr Sa   Su Mo Tu We Th Fr Sa
    1  2  3  4  5  6                1  2  3                1  2  3
 7  8  9 10 11 12 13    4  5  6  7  8  9 10    4  5  6  7  8  9 10
14 15 16 17 18 19 20   11 12 13 14 15 16 17   11 12 13 14 15 16 17
21 22 23 24 25 26 27   18 19 20 21 22 23 24   18 19 20 21 22 23 24
28 29 30 31            25 26 27 28            25 26 27 28 29 30 31

        April                   May                   June        
Su Mo Tu We Th Fr Sa   Su Mo Tu We Th Fr Sa   Su Mo Tu We Th Fr Sa
 1  2  3  4  5  6  7          1  2  3  4  5                   1  2
 8  9 10 11 12 13 14    6  7  8  9 10 11 12    3  4  5  6  7  8  9
15 16 17 18 19 20 21   13 14 15 16 17 18 19   10 11 12 13 14 15 16
22 23 24 25 26 27 28   20 21 22 23 24 25 26   17 18 19 20 21 22 23
29 30                  27 28 29 30 31         24 25 26 27 28 29 30

        July                  August                September     
Su Mo Tu We Th Fr Sa   Su Mo Tu We Th Fr Sa   Su Mo Tu We Th Fr Sa
 1  2  3  4  5  6  7             1  2  3  4                      1
 8  9 10 11 12 13 14    5  6  7  8  9 10 11    2  3  4  5  6  7  8
15 16 17 18 19 20 21   12 13 14 15 16 17 18    9 10 11 12 13 14 15
22 23 24 25 26 27 28   19 20 21 22 23 24 25   16 17 18 19 20 21 22
29 30 31               26 27 28 29 30 31      23 24 25 26 27 28 29
                                              30
       October               November               December      
Su Mo Tu We Th Fr Sa   Su Mo Tu We Th Fr Sa   Su Mo Tu We Th Fr Sa
    1  2  3  4  5  6                1  2  3                      1
 7  8  9 10 11 12 13    4  5  6  7  8  9 10    2  3  4  5  6  7  8
14 15 16 17 18 19 20   11 12 13 14 15 16 17    9 10 11 12 13 14 15
21 22 23 24 25 26 27   18 19 20 21 22 23 24   16 17 18 19 20 21 22
28 29 30 31            25 26 27 28 29 30      23 24 25 26 27 28 29
                                              30 31

[shangqi@localhost st]$ cal -j
       December 2018       
Sun Mon Tue Wed Thu Fri Sat
                        335
336 337 338 339 340 341 342
343 344 345 346 347 348 349
350 351 352 353 354 355 356
357 358 359 360 361 362 363
364 365
[shangqi@localhost st]$ cal -y -j
                           2018                          

          January                       February         
Sun Mon Tue Wed Thu Fri Sat   Sun Mon Tue Wed Thu Fri Sat
      1   2   3   4   5   6                    32  33  34
  7   8   9  10  11  12  13    35  36  37  38  39  40  41
 14  15  16  17  18  19  20    42  43  44  45  46  47  48
 21  22  23  24  25  26  27    49  50  51  52  53  54  55
 28  29  30  31                56  57  58  59

           March                         April           
Sun Mon Tue Wed Thu Fri Sat   Sun Mon Tue Wed Thu Fri Sat
                 60  61  62    91  92  93  94  95  96  97
 63  64  65  66  67  68  69    98  99 100 101 102 103 104
 70  71  72  73  74  75  76   105 106 107 108 109 110 111
 77  78  79  80  81  82  83   112 113 114 115 116 117 118
 84  85  86  87  88  89  90   119 120

            May                           June           
Sun Mon Tue Wed Thu Fri Sat   Sun Mon Tue Wed Thu Fri Sat
        121 122 123 124 125                       152 153
126 127 128 129 130 131 132   154 155 156 157 158 159 160
133 134 135 136 137 138 139   161 162 163 164 165 166 167
140 141 142 143 144 145 146   168 169 170 171 172 173 174
147 148 149 150 151           175 176 177 178 179 180 181

            July                         August          
Sun Mon Tue Wed Thu Fri Sat   Sun Mon Tue Wed Thu Fri Sat
182 183 184 185 186 187 188               213 214 215 216
189 190 191 192 193 194 195   217 218 219 220 221 222 223
196 197 198 199 200 201 202   224 225 226 227 228 229 230
203 204 205 206 207 208 209   231 232 233 234 235 236 237
210 211 212                   238 239 240 241 242 243

         September                      October          
Sun Mon Tue Wed Thu Fri Sat   Sun Mon Tue Wed Thu Fri Sat
                        244       274 275 276 277 278 279
245 246 247 248 249 250 251   280 281 282 283 284 285 286
252 253 254 255 256 257 258   287 288 289 290 291 292 293
259 260 261 262 263 264 265   294 295 296 297 298 299 300
266 267 268 269 270 271 272   301 302 303 304
273
          November                      December         
Sun Mon Tue Wed Thu Fri Sat   Sun Mon Tue Wed Thu Fri Sat
                305 306 307                           335
308 309 310 311 312 313 314   336 337 338 339 340 341 342
315 316 317 318 319 320 321   343 344 345 346 347 348 349
322 323 324 325 326 327 328   350 351 352 353 354 355 356
329 330 331 332 333 334       357 358 359 360 361 362 363
                              364 365

[shangqi@localhost st]$ cal 日历命令^C
[shangqi@localhost st]$ data
bash: data: command not found...
[shangqi@localhost st]$ date
Fri Dec  7 04:55:49 PST 2018
[shangqi@localhost st]$ date -s "时间字符串 "^C
[shangqi@localhost st]$ su root
Password: 
[root@localhost st]# 权限root修改^C
[root@localhost st]# date
Fri Dec  7 05:00:08 PST 2018
[root@localhost st]# date +'%Y-%m-%d %H:%M:5S'
2018-12-07 05:00:5S
[root@localhost st]# date + '%F %T'
date: extra operand ‘%F %T’
Try 'date --help' for more information.
[root@localhost st]# date +'%F %T'
2018-12-07 05:02:22
[root@localhost st]# date +'%s'
1544187760
[root@localhost st]# bc
bc 1.06.95
Copyright 1991-1994, 1997, 1998, 2000, 2004, 2006 Free Software Foundation, Inc.
This is free software with ABSOLUTELY NO WARRANTY.
For details type `warranty'. 
^C
(interrupt) Exiting bc.
[root@localhost st]# su shangqi
[shangqi@localhost st]$ + ''已指定格式显示时间^C
[shangqi@localhost st]$ bc 只按整数除取整，成可以^C
[shangqi@localhost st]$ echo 打印字符串到终端^C
[shangqi@localhost st]$ 匹配查找命令：（文件权限）***********^C
[shangqi@localhost st]$ grep 字符串查找^C
[shangqi@localhost st]$ find 文件查找^C
[shangqi@localhost st]$ ls
aa.txt  haha.tar.gz  passwd  st.tar.gz  te
[shangqi@localhost st]$ cat passwd
root:x:0:0:root:/root:/bin/bash
bin:x:1:1:bin:/bin:/sbin/nologin
daemon:x:2:2:daemon:/sbin:/sbin/nologin
adm:x:3:4:adm:/var/adm:/sbin/nologin
lp:x:4:7:lp:/var/spool/lpd:/sbin/nologin
sync:x:5:0:sync:/sbin:/bin/sync
shutdown:x:6:0:shutdown:/sbin:/sbin/shutdown
halt:x:7:0:halt:/sbin:/sbin/halt
mail:x:8:12:mail:/var/spool/mail:/sbin/nologin
operator:x:11:0:operator:/root:/sbin/nologin
games:x:12:100:games:/usr/games:/sbin/nologin
ftp:x:14:50:FTP User:/var/ftp:/sbin/nologin
nobody:x:99:99:Nobody:/:/sbin/nologin
dbus:x:81:81:System message bus:/:/sbin/nologin
polkitd:x:999:998:User for polkitd:/:/sbin/nologin
abrt:x:173:173::/etc/abrt:/sbin/nologin
unbound:x:998:996:Unbound DNS resolver:/etc/unbound:/sbin/nologin
colord:x:997:995:User for colord:/var/lib/colord:/sbin/nologin
usbmuxd:x:113:113:usbmuxd user:/:/sbin/nologin
ntp:x:38:38::/etc/ntp:/sbin/nologin
avahi:x:70:70:Avahi mDNS/DNS-SD Stack:/var/run/avahi-daemon:/sbin/nologin
avahi-autoipd:x:170:170:Avahi IPv4LL Stack:/var/lib/avahi-autoipd:/sbin/nologin
saslauth:x:996:76:"Saslauthd user":/run/saslauthd:/sbin/nologin
qemu:x:107:107:qemu user:/:/sbin/nologin
libstoragemgmt:x:995:994:daemon account for libstoragemgmt:/var/run/lsm:/sbin/nologin
rpc:x:32:32:Rpcbind Daemon:/var/lib/rpcbind:/sbin/nologin
rpcuser:x:29:29:RPC Service User:/var/lib/nfs:/sbin/nologin
nfsnobody:x:65534:65534:Anonymous NFS User:/var/lib/nfs:/sbin/nologin
rtkit:x:172:172:RealtimeKit:/proc:/sbin/nologin
chrony:x:994:993::/var/lib/chrony:/sbin/nologin
radvd:x:75:75:radvd user:/:/sbin/nologin
pulse:x:171:171:PulseAudio System Daemon:/var/run/pulse:/sbin/nologin
gdm:x:42:42::/var/lib/gdm:/sbin/nologin
gnome-initial-setup:x:993:991::/run/gnome-initial-setup/:/sbin/nologin
postfix:x:89:89::/var/spool/postfix:/sbin/nologin
sshd:x:74:74:Privilege-separated SSH:/var/empty/sshd:/sbin/nologin
tcpdump:x:72:72::/:/sbin/nologin
shangqi:x:1000:1000:Linux:/home/shangqi:/bin/bash
ancdef
hello
[shangqi@localhost st]$ prep 'root' passwd
bash: prep: command not found...
[shangqi@localhost st]$ grep 'root passwd
> ^C
[shangqi@localhost st]$ grep 'root' passwd
root:x:0:0:root:/root:/bin/bash
operator:x:11:0:operator:/root:/sbin/nologin
[shangqi@localhost st]$ echo "Root is super" >> passwd
[shangqi@localhost st]$ grep -i 'root' passwd
root:x:0:0:root:/root:/bin/bash
operator:x:11:0:operator:/root:/sbin/nologin
Root is super
[shangqi@localhost st]$ nologin
This account is currently not available.
[shangqi@localhost st]$ grep 'nologin' passwd
bin:x:1:1:bin:/bin:/sbin/nologin
daemon:x:2:2:daemon:/sbin:/sbin/nologin
adm:x:3:4:adm:/var/adm:/sbin/nologin
lp:x:4:7:lp:/var/spool/lpd:/sbin/nologin
mail:x:8:12:mail:/var/spool/mail:/sbin/nologin
operator:x:11:0:operator:/root:/sbin/nologin
games:x:12:100:games:/usr/games:/sbin/nologin
ftp:x:14:50:FTP User:/var/ftp:/sbin/nologin
nobody:x:99:99:Nobody:/:/sbin/nologin
dbus:x:81:81:System message bus:/:/sbin/nologin
polkitd:x:999:998:User for polkitd:/:/sbin/nologin
abrt:x:173:173::/etc/abrt:/sbin/nologin
unbound:x:998:996:Unbound DNS resolver:/etc/unbound:/sbin/nologin
colord:x:997:995:User for colord:/var/lib/colord:/sbin/nologin
usbmuxd:x:113:113:usbmuxd user:/:/sbin/nologin
ntp:x:38:38::/etc/ntp:/sbin/nologin
avahi:x:70:70:Avahi mDNS/DNS-SD Stack:/var/run/avahi-daemon:/sbin/nologin
avahi-autoipd:x:170:170:Avahi IPv4LL Stack:/var/lib/avahi-autoipd:/sbin/nologin
saslauth:x:996:76:"Saslauthd user":/run/saslauthd:/sbin/nologin
qemu:x:107:107:qemu user:/:/sbin/nologin
libstoragemgmt:x:995:994:daemon account for libstoragemgmt:/var/run/lsm:/sbin/nologin
rpc:x:32:32:Rpcbind Daemon:/var/lib/rpcbind:/sbin/nologin
rpcuser:x:29:29:RPC Service User:/var/lib/nfs:/sbin/nologin
nfsnobody:x:65534:65534:Anonymous NFS User:/var/lib/nfs:/sbin/nologin
rtkit:x:172:172:RealtimeKit:/proc:/sbin/nologin
chrony:x:994:993::/var/lib/chrony:/sbin/nologin
radvd:x:75:75:radvd user:/:/sbin/nologin
pulse:x:171:171:PulseAudio System Daemon:/var/run/pulse:/sbin/nologin
gdm:x:42:42::/var/lib/gdm:/sbin/nologin
gnome-initial-setup:x:993:991::/run/gnome-initial-setup/:/sbin/nologin
postfix:x:89:89::/var/spool/postfix:/sbin/nologin
sshd:x:74:74:Privilege-separated SSH:/var/empty/sshd:/sbin/nologin
tcpdump:x:72:72::/:/sbin/nologin
[shangqi@localhost st]$ grep -v 'nologin' passwd
root:x:0:0:root:/root:/bin/bash
sync:x:5:0:sync:/sbin:/bin/sync
shutdown:x:6:0:shutdown:/sbin:/sbin/shutdown
halt:x:7:0:halt:/sbin:/sbin/halt
shangqi:x:1000:1000:Linux:/home/shangqi:/bin/bash
ancdef
hello
Root is super
[shangqi@localhost st]$ grep -R /root
passwd:root:x:0:0:root:/root:/bin/bash
passwd:operator:x:11:0:operator:/root:/sbin/nologin
[shangqi@localhost st]$ grep -R 'root' ./
./passwd:root:x:0:0:root:/root:/bin/bash
./passwd:operator:x:11:0:operator:/root:/sbin/nologin
[shangqi@localhost st]$ -i忽略大小写^C
[shangqi@localhost st]$ -v反向匹配^C
[shangqi@localhost st]$ -R对指定目录下所有文件递归佩皮^C
[shangqi@localhost st]$ ^C
[shangqi@localhost st]$ stat passwd
  File: ‘passwd’
  Size: 1942      	Blocks: 8          IO Block: 4096   regular file
Device: 803h/2051d	Inode: 36072245    Links: 1
Access: (0644/-rw-r--r--)  Uid: ( 1000/ shangqi)   Gid: ( 1000/ shangqi)
Context: unconfined_u:object_r:user_home_t:s0
Access: 2018-12-07 05:17:11.553488182 -0800
Modify: 2018-12-07 05:15:36.634377208 -0800
Change: 2018-12-07 05:15:36.634377208 -0800
 Birth: -
[shangqi@localhost st]$ ls
aa.txt  haha.tar.gz  passwd  st.tar.gz  te
[shangqi@localhost st]$ mkdir test
[shangqi@localhost st]$ ls
aa.txt  haha.tar.gz  passwd  st.tar.gz  te  test
[shangqi@localhost st]$ find ./ -name "*a*"^C
[shangqi@localhost st]$ ls -l
total 212
-rw-rw-r--. 1 shangqi shangqi      0 Dec  7 04:07 aa.txt
-rw-rw-r--. 1 shangqi shangqi 205360 Dec  7 04:51 haha.tar.gz
-rw-r--r--. 1 shangqi shangqi   1942 Dec  7 05:15 passwd
-rw-rw-r--. 1 shangqi shangqi   1131 Dec  7 04:24 st.tar.gz
drwxrwxr-x. 2 shangqi shangqi      6 Aug 28  1998 te
drwxrwxr-x. 2 shangqi shangqi      6 Dec  7 05:29 test
[shangqi@localhost st]$ find ./ -time +3
find: unknown predicate `-time'
[shangqi@localhost st]$ find ./ -mtime +3
./te
[shangqi@localhost st]$ find ./ -mtime -3
./
./aa.txt
./passwd
./st.tar.gz
./haha.tar.gz
./test
[shangqi@localhost st]$ find ./ -mtime -atime -ctime -mmin -amin -cmin +/-n^C
[shangqi@localhost st]$ ls
aa.txt  haha.tar.gz  passwd  st.tar.gz  te  test
[shangqi@localhost st]$ ls -l
total 212
-rw-rw-r--. 1 shangqi shangqi      0 Dec  7 04:07 aa.txt
-rw-rw-r--. 1 shangqi shangqi 205360 Dec  7 04:51 haha.tar.gz
-rw-r--r--. 1 shangqi shangqi   1942 Dec  7 05:15 passwd
-rw-rw-r--. 1 shangqi shangqi   1131 Dec  7 04:24 st.tar.gz
drwxrwxr-x. 2 shangqi shangqi      6 Aug 28  1998 te
drwxrwxr-x. 2 shangqi shangqi      6 Dec  7 05:29 test
[shangqi@localhost st]$ find ./ -size +1M
[shangqi@localhost st]$ find ./ -size +1k
./passwd
./st.tar.gz
./haha.tar.gz
[shangqi@localhost st]$ find ./ -size -1k
./aa.txt
[shangqi@localhost st]$ ls -s
total 212
  0 aa.txt  204 haha.tar.gz    4 passwd    4 st.tar.gz    0 te    0 test
[shangqi@localhost st]$ -size按文件大小 +/- n^C
[shangqi@localhost st]$ stat 查看详细文件源信息^C
[shangqi@localhost st]$ ls
aa.txt  haha.tar.gz  passwd  st.tar.gz  te  test
[shangqi@localhost st]$ cat passwd 
root:x:0:0:root:/root:/bin/bash
bin:x:1:1:bin:/bin:/sbin/nologin
daemon:x:2:2:daemon:/sbin:/sbin/nologin
adm:x:3:4:adm:/var/adm:/sbin/nologin
lp:x:4:7:lp:/var/spool/lpd:/sbin/nologin
sync:x:5:0:sync:/sbin:/bin/sync
shutdown:x:6:0:shutdown:/sbin:/sbin/shutdown
halt:x:7:0:halt:/sbin:/sbin/halt
mail:x:8:12:mail:/var/spool/mail:/sbin/nologin
operator:x:11:0:operator:/root:/sbin/nologin
games:x:12:100:games:/usr/games:/sbin/nologin
ftp:x:14:50:FTP User:/var/ftp:/sbin/nologin
nobody:x:99:99:Nobody:/:/sbin/nologin
dbus:x:81:81:System message bus:/:/sbin/nologin
polkitd:x:999:998:User for polkitd:/:/sbin/nologin
abrt:x:173:173::/etc/abrt:/sbin/nologin
unbound:x:998:996:Unbound DNS resolver:/etc/unbound:/sbin/nologin
colord:x:997:995:User for colord:/var/lib/colord:/sbin/nologin
usbmuxd:x:113:113:usbmuxd user:/:/sbin/nologin
ntp:x:38:38::/etc/ntp:/sbin/nologin
avahi:x:70:70:Avahi mDNS/DNS-SD Stack:/var/run/avahi-daemon:/sbin/nologin
avahi-autoipd:x:170:170:Avahi IPv4LL Stack:/var/lib/avahi-autoipd:/sbin/nologin
saslauth:x:996:76:"Saslauthd user":/run/saslauthd:/sbin/nologin
qemu:x:107:107:qemu user:/:/sbin/nologin
libstoragemgmt:x:995:994:daemon account for libstoragemgmt:/var/run/lsm:/sbin/nologin
rpc:x:32:32:Rpcbind Daemon:/var/lib/rpcbind:/sbin/nologin
rpcuser:x:29:29:RPC Service User:/var/lib/nfs:/sbin/nologin
nfsnobody:x:65534:65534:Anonymous NFS User:/var/lib/nfs:/sbin/nologin
rtkit:x:172:172:RealtimeKit:/proc:/sbin/nologin
chrony:x:994:993::/var/lib/chrony:/sbin/nologin
radvd:x:75:75:radvd user:/:/sbin/nologin
pulse:x:171:171:PulseAudio System Daemon:/var/run/pulse:/sbin/nologin
gdm:x:42:42::/var/lib/gdm:/sbin/nologin
gnome-initial-setup:x:993:991::/run/gnome-initial-setup/:/sbin/nologin
postfix:x:89:89::/var/spool/postfix:/sbin/nologin
sshd:x:74:74:Privilege-separated SSH:/var/empty/sshd:/sbin/nologin
tcpdump:x:72:72::/:/sbin/nologin
shangqi:x:1000:1000:Linux:/home/shangqi:/bin/bash
ancdef
hello
Root is super
[shangqi@localhost st]$ 立即关机：shutdown -h now^C
[shangqi@localhost st]$ hait^C
[shangqi@localhost st]$ halt^C
[shangqi@localhost st]$ reboot 重启^C
[shangqi@localhost st]$ ****************************************^C
[shangqi@localhost st]$ 
Socket error Event: 32 Error: 10053.
Connection closing...Socket close.

Connection closed by foreign host.

Disconnected from remote host(shangqi1) at 21:48:42.

Type `help' to learn how to use Xshell prompt.
[C:\~]$ 
