Xshell 6 (Build 0095)
Copyright (c) 2002 NetSarang Computer, Inc. All rights reserved.

Type `help' to learn how to use Xshell prompt.
[C:\~]$ 

Connecting to 192.168.166.129:22...
Could not connect to '192.168.166.129' (port 22): Connection failed.

Type `help' to learn how to use Xshell prompt.
[C:\~]$ 

Connecting to 192.168.166.129:22...
Could not connect to '192.168.166.129' (port 22): Connection failed.

Type `help' to learn how to use Xshell prompt.
[C:\~]$ 

Connecting to 192.168.166.129:22...
Connection established.
To escape to local shell, press 'Ctrl+Alt+]'.

Last login: Mon Dec 17 06:19:44 2018
[shangqi@localhost ~]$ ls
aa.txt  Desktop  Documents  Downloads  main.c  Music  Pictures  Public  st  Templates  Videos
[shangqi@localhost ~]$ ls -a
.   aa.txt         .bash_logout   .bashrc  .config  Documents  .esd_auth      .lesshst  main.c    Music     Public  Templates  .vim      .viminfo.tmp  .viminfz.tmp
..  .bash_history  .bash_profile  .cache   Desktop  Downloads  .ICEauthority  .local    .mozilla  Pictures  st      Videos     .viminfo  .viminfy.tmp  .Xauthority
[shangqi@localhost ~]$ ls -l
total 0
-rw-rw-r--. 1 shangqi shangqi  0 Dec  7 03:21 aa.txt
drwxr-xr-x. 2 shangqi shangqi  6 Nov 24 05:06 Desktop
drwxr-xr-x. 2 shangqi shangqi  6 Nov 24 05:06 Documents
drwxr-xr-x. 2 shangqi shangqi  6 Nov 24 05:06 Downloads
drwxrwxr-x. 2 shangqi shangqi  6 Dec 16 02:39 main.c
drwxr-xr-x. 2 shangqi shangqi  6 Nov 24 05:06 Music
drwxr-xr-x. 2 shangqi shangqi  6 Nov 24 05:06 Pictures
drwxr-xr-x. 2 shangqi shangqi  6 Nov 24 05:06 Public
drwxrwxr-x. 4 shangqi shangqi 86 Dec 16 02:39 st
drwxr-xr-x. 2 shangqi shangqi  6 Nov 24 05:06 Templates
drwxr-xr-x. 2 shangqi shangqi  6 Nov 24 05:06 Videos
[shangqi@localhost ~]$ ls
aa.txt   Documents  main.c  Pictures  st         Videos
Desktop  Downloads  Music   Public    Templates
[shangqi@localhost ~]$ pwd
/home/shangqi
[shangqi@localhost ~]$ cd aa.txt/
-bash: cd: aa.txt/: Not a directory
[shangqi@localhost ~]$ cd st/
[shangqi@localhost st]$ ls
aa.txt  haha.tar.gz  passwd  st.tar.gz  te  test
[shangqi@localhost st]$ cd ~
[shangqi@localhost ~]$ ls
aa.txt   Documents  main.c  Pictures  st         Videos
Desktop  Downloads  Music   Public    Templates
[shangqi@localhost ~]$ rmdir main.c
[shangqi@localhost ~]$ ls
aa.txt   Documents  Music     Public  Templates
Desktop  Downloads  Pictures  st      Videos
[shangqi@localhost ~]$ rm -r st
[shangqi@localhost ~]$ ls
aa.txt  Desktop  Documents  Downloads  Music  Pictures  Public  Templates  Videos
[shangqi@localhost ~]$ rm aa.txt
[shangqi@localhost ~]$ ls
Desktop  Documents  Downloads  Music  Pictures  Public  Templates  Videos
[shangqi@localhost ~]$ mkdir /Linux ‘¡∂1
mkdir: cannot create directory °Æ/Linux ‘¡∂1°Ø: Permission denied
[shangqi@localhost ~]$ mkdir Linux ‘¡∂1
[shangqi@localhost ~]$ ls
Desktop    Downloads   Music     Public     Videos
Documents  Linux ‘¡∂1  Pictures  Templates
[shangqi@localhost ~]$ cd Linux ‘¡∂1/
[shangqi@localhost Linux ‘¡∂1]$ ls
[shangqi@localhost Linux ‘¡∂1]$ touch Test1.c
[shangqi@localhost Linux ‘¡∂1]$ ls
Test1.c
[shangqi@localhost Linux ‘¡∂1]$ ls -l
total 0
-rw-rw-r--. 1 shangqi shangqi 0 Dec 17 06:52 Test1.c
[shangqi@localhost Linux ‘¡∂1]$ vim Test1.c 
[shangqi@localhost Linux ‘¡∂1]$ gcc Test1.c
[shangqi@localhost Linux ‘¡∂1]$ ls
a.out  Test1.c
[shangqi@localhost Linux ‘¡∂1]$ gcc a.out
a.out: file not recognized: File truncated
collect2: error: ld returned 1 exit status
[shangqi@localhost Linux ‘¡∂1]$ gcc -o Test1.c Test1s.c
gcc: error: Test1s.c: No such file or directory
gcc: fatal error: no input files
compilation terminated.
[shangqi@localhost Linux ‘¡∂1]$ gcc -o Test1.c a.out
gcc: error: a.out: No such file or directory
gcc: fatal error: no input files
compilation terminated.
[shangqi@localhost Linux ‘¡∂1]$ ls
Test1.c
[shangqi@localhost Linux ‘¡∂1]$ gcc Test1.c -o Test
[shangqi@localhost Linux ‘¡∂1]$ ./Test
hello world
[shangqi@localhost Linux ‘¡∂1]$ ls
Test  Test1.c
[shangqi@localhost Linux ‘¡∂1]$ cd -
/home/shangqi
[shangqi@localhost ~]$ ls
Desktop    Downloads   Music     Public     Videos
Documents  Linux ‘¡∂1  Pictures  Templates
[shangqi@localhost ~]$ cd Linux ‘¡∂1/
[shangqi@localhost Linux ‘¡∂1]$ mkdir /C ‘¡∂
mkdir: cannot create directory °Æ/C ‘¡∂°Ø: Permission denied
[shangqi@localhost Linux ‘¡∂1]$ mkdir c ‘¡∂
[shangqi@localhost Linux ‘¡∂1]$ ls
c ‘¡∂  Test  Test1.c
[shangqi@localhost Linux ‘¡∂1]$ mv /Test1.c /c ‘¡∂
mv: cannot stat °Æ/Test1.c°Ø: No such file or directory
[shangqi@localhost Linux ‘¡∂1]$ mv /Test1.c /c ‘¡∂/
mv: cannot stat °Æ/Test1.c°Ø: No such file or directory
[shangqi@localhost Linux ‘¡∂1]$ mv Test1.c c ‘¡∂/
[shangqi@localhost Linux ‘¡∂1]$ ls
c ‘¡∂  Test
[shangqi@localhost Linux ‘¡∂1]$ Test c ‘¡∂/
bash: Test: command not found...
Similar command is: 'test'
[shangqi@localhost Linux ‘¡∂1]$ ls
c ‘¡∂  Test
[shangqi@localhost Linux ‘¡∂1]$ rm Test
[shangqi@localhost Linux ‘¡∂1]$ ls
c ‘¡∂
[shangqi@localhost Linux ‘¡∂1]$ mikdir fileTest
bash: mikdir: command not found...
[shangqi@localhost Linux ‘¡∂1]$ mkdir FileTest
[shangqi@localhost Linux ‘¡∂1]$ ls
c ‘¡∂  FileTest
[shangqi@localhost Linux ‘¡∂1]$ cd FileTest/
[shangqi@localhost FileTest]$ cd -
/home/shangqi/Linux ‘¡∂1
[shangqi@localhost Linux ‘¡∂1]$ pwd
/home/shangqi/Linux ‘¡∂1
[shangqi@localhost Linux ‘¡∂1]$ cp 
Socket error Event: 32 Error: 10053.
Connection closing...Socket close.

Connection closed by foreign host.

Disconnected from remote host(SQ) at 23:27:19.

Type `help' to learn how to use Xshell prompt.
[C:\~]$ 

Connecting to 192.168.166.129:22...
Could not connect to '192.168.166.129' (port 22): Connection failed.

Type `help' to learn how to use Xshell prompt.
[C:\~]$ 

Connecting to 192.168.166.129:22...
Could not connect to '192.168.166.129' (port 22): Connection failed.

Type `help' to learn how to use Xshell prompt.
[C:\~]$ 

Connecting to 192.168.166.129:22...
Connection established.
To escape to local shell, press 'Ctrl+Alt+]'.

Last login: Mon Dec 17 06:23:07 2018 from 192.168.166.1
[shangqi@localhost ~]$ cd Linux ‘¡∂1/
[shangqi@localhost Linux ‘¡∂1]$ cp /etc/passwd ./
[shangqi@localhost Linux ‘¡∂1]$ ls
c ‘¡∂  FileTest  passwd
[shangqi@localhost Linux ‘¡∂1]$ mv passwd FileTest/
[shangqi@localhost Linux ‘¡∂1]$ ls
c ‘¡∂  FileTest
[shangqi@localhost Linux ‘¡∂1]$ cd FileTest/
[shangqi@localhost FileTest]$ ls
passwd
[shangqi@localhost FileTest]$ less
Missing filename ("less --help" for help)
[shangqi@localhost FileTest]$ less passwd
[shangqi@localhost FileTest]$ less passwd /root
[shangqi@localhost FileTest]$ less passwd /shangqi
[shangqi@localhost FileTest]$ cal
    December 2018   
Su Mo Tu We Th Fr Sa
                   1
 2  3  4  5  6  7  8
 9 10 11 12 13 14 15
16 17 18 19 20 21 22
23 24 25 26 27 28 29
30 31
[shangqi@localhost FileTest]$ cal -j
       December 2018       
Sun Mon Tue Wed Thu Fri Sat
                        335
336 337 338 339 340 341 342
343 344 345 346 347 348 349
350 351 352 353 354 355 356
357 358 359 360 361 362 363
364 365
[shangqi@localhost FileTest]$ cal -y -j
                           2018                          

          January                       February         
Sun Mon Tue Wed Thu Fri Sat   Sun Mon Tue Wed Thu Fri Sat
      1   2   3   4   5   6                    32  33  34
  7   8   9  10  11  12  13    35  36  37  38  39  40  41
 14  15  16  17  18  19  20    42  43  44  45  46  47  48
 21  22  23  24  25  26  27    49  50  51  52  53  54  55
 28  29  30  31                56  57  58  59

           March                         April           
Sun Mon Tue Wed Thu Fri Sat   Sun Mon Tue Wed Thu Fri Sat
                 60  61  62    91  92  93  94  95  96  97
 63  64  65  66  67  68  69    98  99 100 101 102 103 104
 70  71  72  73  74  75  76   105 106 107 108 109 110 111
 77  78  79  80  81  82  83   112 113 114 115 116 117 118
 84  85  86  87  88  89  90   119 120

            May                           June           
Sun Mon Tue Wed Thu Fri Sat   Sun Mon Tue Wed Thu Fri Sat
        121 122 123 124 125                       152 153
126 127 128 129 130 131 132   154 155 156 157 158 159 160
133 134 135 136 137 138 139   161 162 163 164 165 166 167
140 141 142 143 144 145 146   168 169 170 171 172 173 174
147 148 149 150 151           175 176 177 178 179 180 181

            July                         August          
Sun Mon Tue Wed Thu Fri Sat   Sun Mon Tue Wed Thu Fri Sat
182 183 184 185 186 187 188               213 214 215 216
189 190 191 192 193 194 195   217 218 219 220 221 222 223
196 197 198 199 200 201 202   224 225 226 227 228 229 230
203 204 205 206 207 208 209   231 232 233 234 235 236 237
210 211 212                   238 239 240 241 242 243

         September                      October          
Sun Mon Tue Wed Thu Fri Sat   Sun Mon Tue Wed Thu Fri Sat
                        244       274 275 276 277 278 279
245 246 247 248 249 250 251   280 281 282 283 284 285 286
252 253 254 255 256 257 258   287 288 289 290 291 292 293
259 260 261 262 263 264 265   294 295 296 297 298 299 300
266 267 268 269 270 271 272   301 302 303 304
273
          November                      December         
Sun Mon Tue Wed Thu Fri Sat   Sun Mon Tue Wed Thu Fri Sat
                305 306 307                           335
308 309 310 311 312 313 314   336 337 338 339 340 341 342
315 316 317 318 319 320 321   343 344 345 346 347 348 349
322 323 324 325 326 327 328   350 351 352 353 354 355 356
329 330 331 332 333 334       357 358 359 360 361 362 363
                              364 365

[shangqi@localhost FileTest]$ cal -y
                               2018                               

       January               February                 March       
Su Mo Tu We Th Fr Sa   Su Mo Tu We Th Fr Sa   Su Mo Tu We Th Fr Sa
    1  2  3  4  5  6                1  2  3                1  2  3
 7  8  9 10 11 12 13    4  5  6  7  8  9 10    4  5  6  7  8  9 10
14 15 16 17 18 19 20   11 12 13 14 15 16 17   11 12 13 14 15 16 17
21 22 23 24 25 26 27   18 19 20 21 22 23 24   18 19 20 21 22 23 24
28 29 30 31            25 26 27 28            25 26 27 28 29 30 31

        April                   May                   June        
Su Mo Tu We Th Fr Sa   Su Mo Tu We Th Fr Sa   Su Mo Tu We Th Fr Sa
 1  2  3  4  5  6  7          1  2  3  4  5                   1  2
 8  9 10 11 12 13 14    6  7  8  9 10 11 12    3  4  5  6  7  8  9
15 16 17 18 19 20 21   13 14 15 16 17 18 19   10 11 12 13 14 15 16
22 23 24 25 26 27 28   20 21 22 23 24 25 26   17 18 19 20 21 22 23
29 30                  27 28 29 30 31         24 25 26 27 28 29 30

        July                  August                September     
Su Mo Tu We Th Fr Sa   Su Mo Tu We Th Fr Sa   Su Mo Tu We Th Fr Sa
 1  2  3  4  5  6  7             1  2  3  4                      1
 8  9 10 11 12 13 14    5  6  7  8  9 10 11    2  3  4  5  6  7  8
15 16 17 18 19 20 21   12 13 14 15 16 17 18    9 10 11 12 13 14 15
22 23 24 25 26 27 28   19 20 21 22 23 24 25   16 17 18 19 20 21 22
29 30 31               26 27 28 29 30 31      23 24 25 26 27 28 29
                                              30
       October               November               December      
Su Mo Tu We Th Fr Sa   Su Mo Tu We Th Fr Sa   Su Mo Tu We Th Fr Sa
    1  2  3  4  5  6                1  2  3                      1
 7  8  9 10 11 12 13    4  5  6  7  8  9 10    2  3  4  5  6  7  8
14 15 16 17 18 19 20   11 12 13 14 15 16 17    9 10 11 12 13 14 15
21 22 23 24 25 26 27   18 19 20 21 22 23 24   16 17 18 19 20 21 22
28 29 30 31            25 26 27 28 29 30      23 24 25 26 27 28 29
                                              30 31

[shangqi@localhost FileTest]$ ls
passwd
[shangqi@localhost FileTest]$ ^C
[shangqi@localhost FileTest]$ ^C
[shangqi@localhost FileTest]$ 
